0 verbose cli C:\Program Files\nodejs\node.exe C:\Users\Eniola\AppData\Roaming\npm\node_modules\npm\bin\npm-cli.js
1 info using npm@10.8.1
2 info using node@v20.14.0
3 silly config load:file:C:\Users\Eniola\AppData\Roaming\npm\node_modules\npm\npmrc
4 silly config load:file:C:\Users\Eniola\everythingmeat-frontend\.npmrc
5 silly config load:file:C:\Users\Eniola\.npmrc
6 silly config load:file:C:\Users\Eniola\AppData\Roaming\npm\etc\npmrc
7 verbose title npm install @heroicons/react@v1
8 verbose argv "install" "@heroicons/react@v1"
9 verbose logfile logs-max:10 dir:C:\Users\Eniola\everythingmeat-frontend\UsersEniolaAppDataRoamingnpm-cache\_logs\2024-12-16T22_48_07_563Z-
10 verbose logfile C:\Users\Eniola\everythingmeat-frontend\UsersEniolaAppDataRoamingnpm-cache\_logs\2024-12-16T22_48_07_563Z-debug-0.log
11 silly packumentCache heap:2197815296 maxSize:549453824 maxEntrySize:274726912
12 silly logfile done cleaning log files
13 silly idealTree buildDeps
14 silly fetch manifest @heroicons/react@v1
15 silly packumentCache full:https://registry.npmjs.org/@heroicons%2freact cache-miss
16 http fetch GET 200 https://registry.npmjs.org/@heroicons%2freact 5137ms (cache revalidated)
17 silly packumentCache full:https://registry.npmjs.org/@heroicons%2freact set size:420549 disposed:false
18 silly fetch manifest react@19.0.0-rc-66855b96-20241106
19 silly packumentCache full:https://registry.npmjs.org/react cache-miss
20 http fetch GET 200 https://registry.npmjs.org/react 234ms (cache revalidated)
21 silly packumentCache full:https://registry.npmjs.org/react set size:5234906 disposed:false
22 silly fetch manifest react@>= 16
23 silly packumentCache full:https://registry.npmjs.org/react cache-miss
24 http fetch GET 200 https://registry.npmjs.org/react 33ms (cache hit)
25 silly packumentCache full:https://registry.npmjs.org/react set size:5234906 disposed:false
26 verbose stack Error: unable to resolve dependency tree
26 verbose stack     at #failPeerConflict (C:\Users\Eniola\AppData\Roaming\npm\node_modules\npm\node_modules\@npmcli\arborist\lib\arborist\build-ideal-tree.js:1360:25)
26 verbose stack     at #loadPeerSet (C:\Users\Eniola\AppData\Roaming\npm\node_modules\npm\node_modules\@npmcli\arborist\lib\arborist\build-ideal-tree.js:1326:33)
26 verbose stack     at async #buildDepStep (C:\Users\Eniola\AppData\Roaming\npm\node_modules\npm\node_modules\@npmcli\arborist\lib\arborist\build-ideal-tree.js:901:11)
26 verbose stack     at async Arborist.buildIdealTree (C:\Users\Eniola\AppData\Roaming\npm\node_modules\npm\node_modules\@npmcli\arborist\lib\arborist\build-ideal-tree.js:181:7)
26 verbose stack     at async Promise.all (index 1)
26 verbose stack     at async Arborist.reify (C:\Users\Eniola\AppData\Roaming\npm\node_modules\npm\node_modules\@npmcli\arborist\lib\arborist\reify.js:131:5)
26 verbose stack     at async Install.exec (C:\Users\Eniola\AppData\Roaming\npm\node_modules\npm\lib\commands\install.js:150:5)
26 verbose stack     at async Npm.exec (C:\Users\Eniola\AppData\Roaming\npm\node_modules\npm\lib\npm.js:207:9)
26 verbose stack     at async module.exports (C:\Users\Eniola\AppData\Roaming\npm\node_modules\npm\lib\cli\entry.js:74:5)
27 error code ERESOLVE
28 error ERESOLVE unable to resolve dependency tree
29 error
30 error While resolving: client@0.1.0
30 error Found: react@19.0.0-rc-66855b96-20241106[2m[22m
30 error [2mnode_modules/react[22m
30 error   react@"19.0.0-rc-66855b96-20241106" from the root project
30 error
30 error Could not resolve dependency:
30 error [95mpeer[39m react@">= 16" from @heroicons/react@1.0.6[2m[22m
30 error [2mnode_modules/@heroicons/react[22m
30 error   @heroicons/react@"v1" from the root project
30 error
30 error Fix the upstream dependency conflict, or retry
30 error this command with --force or --legacy-peer-deps
30 error to accept an incorrect (and potentially broken) dependency resolution.
31 error
31 error
31 error For a full report see:
31 error C:\Users\Eniola\everythingmeat-frontend\UsersEniolaAppDataRoamingnpm-cache\_logs\2024-12-16T22_48_07_563Z-eresolve-report.txt
32 silly unfinished npm timer reify 1734389288740
33 silly unfinished npm timer reify:loadTrees 1734389288748
34 silly unfinished npm timer idealTree:buildDeps 1734389289020
35 silly unfinished npm timer idealTree:#root 1734389289021
36 verbose cwd C:\Users\Eniola\everythingmeat-frontend
37 verbose os Windows_NT 10.0.19045
38 verbose node v20.14.0
39 verbose npm  v10.8.1
40 verbose exit 1
41 verbose code 1
42 error A complete log of this run can be found in: C:\Users\Eniola\everythingmeat-frontend\UsersEniolaAppDataRoamingnpm-cache\_logs\2024-12-16T22_48_07_563Z-debug-0.log
