0 verbose cli C:\Program Files\nodejs\node.exe C:\Users\Eniola\AppData\Roaming\npm\node_modules\npm\bin\npm-cli.js
1 info using npm@10.8.1
2 info using node@v20.14.0
3 silly config load:file:C:\Users\Eniola\AppData\Roaming\npm\node_modules\npm\npmrc
4 silly config load:file:C:\Users\Eniola\everythingmeat-frontend\.npmrc
5 silly config load:file:C:\Users\Eniola\.npmrc
6 silly config load:file:C:\Users\Eniola\AppData\Roaming\npm\etc\npmrc
7 verbose title npm install flowbite-react
8 verbose argv "install" "flowbite-react"
9 verbose logfile logs-max:10 dir:C:\Users\Eniola\everythingmeat-frontend\UsersEniolaAppDataRoamingnpm-cache\_logs\2025-01-07T09_39_01_792Z-
10 verbose logfile C:\Users\Eniola\everythingmeat-frontend\UsersEniolaAppDataRoamingnpm-cache\_logs\2025-01-07T09_39_01_792Z-debug-0.log
11 silly packumentCache heap:2197815296 maxSize:549453824 maxEntrySize:274726912
12 silly logfile start cleaning logs, removing 1 files
13 silly idealTree buildDeps
14 silly fetch manifest flowbite-react@*
15 silly packumentCache full:https://registry.npmjs.org/flowbite-react cache-miss
16 silly logfile done cleaning log files
17 http fetch GET 200 https://registry.npmjs.org/flowbite-react 338ms (cache hit)
18 silly packumentCache full:https://registry.npmjs.org/flowbite-react set size:548472 disposed:false
19 silly fetch manifest react@19.0.0-rc-66855b96-20241106
20 silly packumentCache full:https://registry.npmjs.org/react cache-miss
21 http fetch GET 200 https://registry.npmjs.org/react 80ms (cache hit)
22 silly packumentCache full:https://registry.npmjs.org/react set size:5313109 disposed:false
23 silly fetch manifest react@>=18
24 silly packumentCache full:https://registry.npmjs.org/react cache-miss
25 http fetch GET 200 https://registry.npmjs.org/react 40ms (cache hit)
26 silly packumentCache full:https://registry.npmjs.org/react set size:5313109 disposed:false
27 verbose stack Error: unable to resolve dependency tree
27 verbose stack     at #failPeerConflict (C:\Users\Eniola\AppData\Roaming\npm\node_modules\npm\node_modules\@npmcli\arborist\lib\arborist\build-ideal-tree.js:1360:25)
27 verbose stack     at #loadPeerSet (C:\Users\Eniola\AppData\Roaming\npm\node_modules\npm\node_modules\@npmcli\arborist\lib\arborist\build-ideal-tree.js:1326:33)
27 verbose stack     at async #buildDepStep (C:\Users\Eniola\AppData\Roaming\npm\node_modules\npm\node_modules\@npmcli\arborist\lib\arborist\build-ideal-tree.js:901:11)
27 verbose stack     at async Arborist.buildIdealTree (C:\Users\Eniola\AppData\Roaming\npm\node_modules\npm\node_modules\@npmcli\arborist\lib\arborist\build-ideal-tree.js:181:7)
27 verbose stack     at async Promise.all (index 1)
27 verbose stack     at async Arborist.reify (C:\Users\Eniola\AppData\Roaming\npm\node_modules\npm\node_modules\@npmcli\arborist\lib\arborist\reify.js:131:5)
27 verbose stack     at async Install.exec (C:\Users\Eniola\AppData\Roaming\npm\node_modules\npm\lib\commands\install.js:150:5)
27 verbose stack     at async Npm.exec (C:\Users\Eniola\AppData\Roaming\npm\node_modules\npm\lib\npm.js:207:9)
27 verbose stack     at async module.exports (C:\Users\Eniola\AppData\Roaming\npm\node_modules\npm\lib\cli\entry.js:74:5)
28 error code ERESOLVE
29 error ERESOLVE unable to resolve dependency tree
30 error
31 error While resolving: client@0.1.0
31 error Found: react@19.0.0-rc-66855b96-20241106[2m[22m
31 error [2mnode_modules/react[22m
31 error   react@"19.0.0-rc-66855b96-20241106" from the root project
31 error
31 error Could not resolve dependency:
31 error [95mpeer[39m react@">=18" from flowbite-react@0.10.2[2m[22m
31 error [2mnode_modules/flowbite-react[22m
31 error   flowbite-react@"*" from the root project
31 error
31 error Fix the upstream dependency conflict, or retry
31 error this command with --force or --legacy-peer-deps
31 error to accept an incorrect (and potentially broken) dependency resolution.
32 error
32 error
32 error For a full report see:
32 error C:\Users\Eniola\everythingmeat-frontend\UsersEniolaAppDataRoamingnpm-cache\_logs\2025-01-07T09_39_01_792Z-eresolve-report.txt
33 silly unfinished npm timer reify 1736242744729
34 silly unfinished npm timer reify:loadTrees 1736242744742
35 silly unfinished npm timer idealTree:buildDeps 1736242745182
36 silly unfinished npm timer idealTree:#root 1736242745183
37 verbose cwd C:\Users\Eniola\everythingmeat-frontend
38 verbose os Windows_NT 10.0.19045
39 verbose node v20.14.0
40 verbose npm  v10.8.1
41 verbose exit 1
42 verbose code 1
43 error A complete log of this run can be found in: C:\Users\Eniola\everythingmeat-frontend\UsersEniolaAppDataRoamingnpm-cache\_logs\2025-01-07T09_39_01_792Z-debug-0.log
