0 verbose cli C:\Program Files\nodejs\node.exe C:\Users\Eniola\AppData\Roaming\npm\node_modules\npm\bin\npm-cli.js
1 info using npm@10.8.1
2 info using node@v20.14.0
3 silly config load:file:C:\Users\Eniola\AppData\Roaming\npm\node_modules\npm\npmrc
4 silly config load:file:C:\Users\Eniola\everythingmeat-frontend\.npmrc
5 silly config load:file:C:\Users\Eniola\.npmrc
6 silly config load:file:C:\Users\Eniola\AppData\Roaming\npm\etc\npmrc
7 verbose title npm install flowbite-react
8 verbose argv "install" "flowbite-react"
9 verbose logfile logs-max:10 dir:C:\Users\Eniola\everythingmeat-frontend\UsersEniolaAppDataRoamingnpm-cache\_logs\2025-01-07T09_38_22_348Z-
10 verbose logfile C:\Users\Eniola\everythingmeat-frontend\UsersEniolaAppDataRoamingnpm-cache\_logs\2025-01-07T09_38_22_348Z-debug-0.log
11 silly packumentCache heap:2197815296 maxSize:549453824 maxEntrySize:274726912
12 silly logfile start cleaning logs, removing 1 files
13 silly logfile done cleaning log files
14 silly idealTree buildDeps
15 silly fetch manifest flowbite-react@*
16 silly packumentCache full:https://registry.npmjs.org/flowbite-react cache-miss
17 http fetch GET 200 https://registry.npmjs.org/npm 5990ms
18 http fetch GET 200 https://registry.npmjs.org/flowbite-react 7154ms (cache miss)
19 silly packumentCache full:https://registry.npmjs.org/flowbite-react set size:undefined disposed:false
20 silly fetch manifest react@19.0.0-rc-66855b96-20241106
21 silly packumentCache full:https://registry.npmjs.org/react cache-miss
22 http fetch GET 200 https://registry.npmjs.org/react 1940ms (cache updated)
23 silly packumentCache full:https://registry.npmjs.org/react set size:undefined disposed:false
24 silly fetch manifest react@>=18
25 silly packumentCache full:https://registry.npmjs.org/react cache-miss
26 http fetch GET 200 https://registry.npmjs.org/react 424ms (cache hit)
27 silly packumentCache full:https://registry.npmjs.org/react set size:5313109 disposed:false
28 verbose stack Error: unable to resolve dependency tree
28 verbose stack     at #failPeerConflict (C:\Users\Eniola\AppData\Roaming\npm\node_modules\npm\node_modules\@npmcli\arborist\lib\arborist\build-ideal-tree.js:1360:25)
28 verbose stack     at #loadPeerSet (C:\Users\Eniola\AppData\Roaming\npm\node_modules\npm\node_modules\@npmcli\arborist\lib\arborist\build-ideal-tree.js:1326:33)
28 verbose stack     at async #buildDepStep (C:\Users\Eniola\AppData\Roaming\npm\node_modules\npm\node_modules\@npmcli\arborist\lib\arborist\build-ideal-tree.js:901:11)
28 verbose stack     at async Arborist.buildIdealTree (C:\Users\Eniola\AppData\Roaming\npm\node_modules\npm\node_modules\@npmcli\arborist\lib\arborist\build-ideal-tree.js:181:7)
28 verbose stack     at async Promise.all (index 1)
28 verbose stack     at async Arborist.reify (C:\Users\Eniola\AppData\Roaming\npm\node_modules\npm\node_modules\@npmcli\arborist\lib\arborist\reify.js:131:5)
28 verbose stack     at async Install.exec (C:\Users\Eniola\AppData\Roaming\npm\node_modules\npm\lib\commands\install.js:150:5)
28 verbose stack     at async Npm.exec (C:\Users\Eniola\AppData\Roaming\npm\node_modules\npm\lib\npm.js:207:9)
28 verbose stack     at async module.exports (C:\Users\Eniola\AppData\Roaming\npm\node_modules\npm\lib\cli\entry.js:74:5)
29 error code ERESOLVE
30 error ERESOLVE unable to resolve dependency tree
31 error
32 error While resolving: client@0.1.0
32 error Found: react@19.0.0-rc-66855b96-20241106[2m[22m
32 error [2mnode_modules/react[22m
32 error   react@"19.0.0-rc-66855b96-20241106" from the root project
32 error
32 error Could not resolve dependency:
32 error [95mpeer[39m react@">=18" from flowbite-react@0.10.2[2m[22m
32 error [2mnode_modules/flowbite-react[22m
32 error   flowbite-react@"*" from the root project
32 error
32 error Fix the upstream dependency conflict, or retry
32 error this command with --force or --legacy-peer-deps
32 error to accept an incorrect (and potentially broken) dependency resolution.
33 error
33 error
33 error For a full report see:
33 error C:\Users\Eniola\everythingmeat-frontend\UsersEniolaAppDataRoamingnpm-cache\_logs\2025-01-07T09_38_22_348Z-eresolve-report.txt
34 silly unfinished npm timer reify 1736242723600
35 silly unfinished npm timer reify:loadTrees 1736242725849
36 silly unfinished npm timer idealTree:buildDeps 1736242726259
37 silly unfinished npm timer idealTree:#root 1736242726260
38 verbose cwd C:\Users\Eniola\everythingmeat-frontend
39 verbose os Windows_NT 10.0.19045
40 verbose node v20.14.0
41 verbose npm  v10.8.1
42 notice
42 notice New [31mmajor[39m version of npm available! [31m10.8.1[39m -> [34m11.0.0[39m
42 notice Changelog: [34mhttps://github.com/npm/cli/releases/tag/v11.0.0[39m
42 notice To update run: [4mnpm install -g npm@11.0.0[24m
42 notice  { force: true, [Symbol(proc-log.meta)]: true }
43 verbose exit 1
44 verbose code 1
45 error A complete log of this run can be found in: C:\Users\Eniola\everythingmeat-frontend\UsersEniolaAppDataRoamingnpm-cache\_logs\2025-01-07T09_38_22_348Z-debug-0.log
